Archive member included because of file (symbol)

/home/graux/Documents/mbed/rflpc/rflpc17xx/librflpc17xx.a(clock.o)
                              ../rflpc/external_libs/nhd_spi_lcd/nhd_spi_lcd.o (rflpc_clock_get_system_clock)
/home/graux/Documents/mbed/rflpc/rflpc17xx/librflpc17xx.a(init.o)
                              (_start)
/home/graux/Documents/mbed/rflpc/rflpc17xx/librflpc17xx.a(interrupt.o)
                              /home/graux/Documents/mbed/rflpc/rflpc17xx/librflpc17xx.a(init.o) (_default_exception_handler)
/home/graux/Documents/mbed/rflpc/rflpc17xx/librflpc17xx.a(ethernet.o)
                              main.o (rflpc_eth_init)
/home/graux/Documents/mbed/rflpc/rflpc17xx/librflpc17xx.a(gpio.o)
                              ../rflpc/external_libs/nhd_spi_lcd/nhd_spi_lcd.o (rflpc_gpio_set_pin)
/home/graux/Documents/mbed/rflpc/rflpc17xx/librflpc17xx.a(spi.o)
                              ../rflpc/external_libs/nhd_spi_lcd/nhd_spi_lcd.o (rflpc_spi_init)
/home/graux/Documents/mbed/rflpc/rflpc17xx/librflpc17xx.a(uart.o)
                              main.o (rflpc_uart_getchar)
/home/graux/Documents/mbed/rflpc/rflpc17xx/librflpc17xx.a(memcpy.o)
                              main.o (memcpy)
/home/graux/Documents/mbed/rflpc/rflpc17xx/librflpc17xx.a(printf.o)
                              arp_table.o (printf)
/home/graux/Documents/mbed/rflpc/rflpc17xx/librflpc17xx.a(pinconf.o)
                              /home/graux/Documents/mbed/rflpc/rflpc17xx/librflpc17xx.a(ethernet.o) (rflpc_pin_set)

Allocating common symbols
Common symbol       size              file

rx_status           0x28              main.o
rx_buffers          0x1e0a            main.o
rx_descriptors      0x28              main.o
ma_table            0x2c0             main.o

Memory Configuration

Name             Origin             Length             Attributes
flash            0x00000000         0x00080000         xr
ram              0x10000000         0x00008000         xrw
out_ram          0x2007c000         0x00008000         xrw
*default*        0x00000000         0xffffffff

Linker script and memory map

LOAD arp_table.o
LOAD main.o
LOAD ../rflpc/external_libs/nhd_spi_lcd/nhd_spi_lcd.o
                0x00000000                . = 0x0

.text           0x00000000     0x25d0
                0x00000000                _interrupt_start = .
 *(.interrupt_vector)
 .interrupt_vector
                0x00000000       0xc4 /home/graux/Documents/mbed/rflpc/rflpc17xx/librflpc17xx.a(init.o)
                0x00000000                _rom_interrupts
                0x000000c4                _interrupt_end = .
 *(.text*)
 .text          0x000000c4      0x414 arp_table.o
                0x000000c4                comp_nbyte
                0x0000010c                dicho_search_IPv4
                0x00000178                dicho_search_Mac
                0x000001b8                add
                0x00000414                modify_IPv4
                0x00000438                modify_mac
                0x00000464                show_arp_table
 .text          0x000004d8      0x438 main.o
                0x000004d8                uart_callback
                0x00000518                process_packet
                0x0000078c                ethernet_callback
                0x0000082c                ethernet_init
                0x000008f4                main
 .text          0x00000910      0x28c ../rflpc/external_libs/nhd_spi_lcd/nhd_spi_lcd.o
                0x00000970                nhd_spi_lcd_init
                0x00000a38                nhd_spi_lcd_clear
                0x00000adc                nhd_spi_lcd_display_buffer
 .text          0x00000b9c       0xec /home/graux/Documents/mbed/rflpc/rflpc17xx/librflpc17xx.a(clock.o)
                0x00000b9c                rflpc_clock_init
                0x00000c7c                rflpc_clock_get_system_clock
 .text          0x00000c88       0x8c /home/graux/Documents/mbed/rflpc/rflpc17xx/librflpc17xx.a(init.o)
                0x00000c88                _init_stack
                0x00000cb0                _start
 .text          0x00000d14      0x328 /home/graux/Documents/mbed/rflpc/rflpc17xx/librflpc17xx.a(interrupt.o)
                0x00000d14                _default_exception_handler
                0x00000fd0                _default_peripheral_handler
                0x00001000                rflpc_irq_init
                0x0000102c                rflpc_irq_set_handler
 .text          0x0000103c      0x538 /home/graux/Documents/mbed/rflpc/rflpc17xx/librflpc17xx.a(ethernet.o)
                0x00001068                rflpc_eth_init
                0x000011ac                rflpc_eth_link_state
                0x000011bc                rflpc_eth_set_link_mode
                0x00001254                rflpc_eth_get_link_mode
                0x00001288                rflpc_eth_link_auto_negociate
                0x00001374                rflpc_eth_set_rx_base_addresses
                0x000013c0                rflpc_eth_set_tx_base_addresses
                0x000013fc                rflpc_eth_get_mac_address
                0x00001420                rflpc_eth_set_mac_address
                0x00001444                rflpc_eth_dump_internals
 .text          0x00001574      0x14c /home/graux/Documents/mbed/rflpc/rflpc17xx/librflpc17xx.a(gpio.o)
                0x00001574                rflpc_gpio_use_pin
                0x00001584                rflpc_gpio_set_pin_mode_input
                0x000015ac                rflpc_gpio_set_pin
                0x000015d0                rflpc_gpio_clr_pin
                0x000015f4                rflpc_gpio_set_pins_from_mask
                0x00001610                rflpc_gpio_clr_pins_from_mask
                0x0000162c                rflpc_gpio_set_pin_val
                0x0000163c                rflpc_gpio_set_pin_mode_output
                0x00001670                rflpc_gpio_set_val
                0x00001684                rflpc_gpio_get_pin
                0x000016a8                rflpc_gpio_get_val
 .text          0x000016c0      0x17c /home/graux/Documents/mbed/rflpc/rflpc17xx/librflpc17xx.a(spi.o)
                0x000016c0                rflpc_spi_init
                0x000017f8                rflpc_spi_set_rx_callback
 .text          0x0000183c      0x188 /home/graux/Documents/mbed/rflpc/rflpc17xx/librflpc17xx.a(uart.o)
                0x0000183c                rflpc_uart_putchar
                0x00001854                rflpc_uart_byte_available
                0x00001868                rflpc_uart_getchar
                0x00001880                _rflpc_uart_init
                0x000018d4                rflpc_uart_init
                0x00001964                rflpc_uart_set_rx_callback
 .text          0x000019c4      0x140 /home/graux/Documents/mbed/rflpc/rflpc17xx/librflpc17xx.a(memcpy.o)
                0x00001a50                memcpy
 .text          0x00001b04      0x2f0 /home/graux/Documents/mbed/rflpc/rflpc17xx/librflpc17xx.a(printf.o)
                0x00001b14                printf
                0x00001de8                rflpc_printf_set_putchar
 .text          0x00001df4       0xa0 /home/graux/Documents/mbed/rflpc/rflpc17xx/librflpc17xx.a(pinconf.o)
                0x00001df4                rflpc_pin_set
 *(.rodata*)
 .rodata.str1.4
                0x00001e94       0x34 arp_table.o
                                 0x38 (size before relaxing)
 .rodata.str1.4
                0x00001ec8       0x9b main.o
                                 0x9c (size before relaxing)
 *fill*         0x00001f63        0x1 
 .rodata.str1.4
                0x00001f64      0x4db /home/graux/Documents/mbed/rflpc/rflpc17xx/librflpc17xx.a(interrupt.o)
                                0x4dc (size before relaxing)
 *fill*         0x0000243f        0x1 
 .rodata        0x00002440        0xc /home/graux/Documents/mbed/rflpc/rflpc17xx/librflpc17xx.a(ethernet.o)
 .rodata.str1.4
                0x0000244c      0x170 /home/graux/Documents/mbed/rflpc/rflpc17xx/librflpc17xx.a(ethernet.o)
 .rodata        0x000025bc       0x14 /home/graux/Documents/mbed/rflpc/rflpc17xx/librflpc17xx.a(gpio.o)
                0x000025d0                _text_end = .

.glue_7         0x000025d0        0x0
 .glue_7        0x00000000        0x0 linker stubs

.glue_7t        0x000025d0        0x0
 .glue_7t       0x00000000        0x0 linker stubs

.vfp11_veneer   0x000025d0        0x0
 .vfp11_veneer  0x00000000        0x0 linker stubs

.v4_bx          0x000025d0        0x0
 .v4_bx         0x00000000        0x0 linker stubs

.iplt           0x000025d0        0x0
 .iplt          0x00000000        0x0 arp_table.o

.rel.dyn        0x000025d0        0x0
 .rel.iplt      0x00000000        0x0 arp_table.o

.relocated_interrupt_vector
                0x10000000       0xc4
 *(.ram_int_vector)
 .ram_int_vector
                0x10000000       0xc4 /home/graux/Documents/mbed/rflpc/rflpc17xx/librflpc17xx.a(interrupt.o)

.bss            0x100000c4     0x2128
                0x100000c4                _bss_start = .
                0x100000c4                _ram_start = .
 *(.bss*)
 .bss           0x100000c4        0x0 arp_table.o
 .bss           0x100000c4        0x0 main.o
 .bss           0x100000c4        0x6 ../rflpc/external_libs/nhd_spi_lcd/nhd_spi_lcd.o
 .bss           0x100000ca        0x0 /home/graux/Documents/mbed/rflpc/rflpc17xx/librflpc17xx.a(clock.o)
 *fill*         0x100000ca        0x2 
 .bss           0x100000cc        0x4 /home/graux/Documents/mbed/rflpc/rflpc17xx/librflpc17xx.a(init.o)
 .bss           0x100000d0        0x0 /home/graux/Documents/mbed/rflpc/rflpc17xx/librflpc17xx.a(interrupt.o)
 .bss           0x100000d0        0x0 /home/graux/Documents/mbed/rflpc/rflpc17xx/librflpc17xx.a(ethernet.o)
 .bss           0x100000d0        0x0 /home/graux/Documents/mbed/rflpc/rflpc17xx/librflpc17xx.a(gpio.o)
 .bss           0x100000d0        0x0 /home/graux/Documents/mbed/rflpc/rflpc17xx/librflpc17xx.a(spi.o)
 .bss           0x100000d0        0x0 /home/graux/Documents/mbed/rflpc/rflpc17xx/librflpc17xx.a(uart.o)
 .bss           0x100000d0        0x0 /home/graux/Documents/mbed/rflpc/rflpc17xx/librflpc17xx.a(memcpy.o)
 .bss           0x100000d0        0x0 /home/graux/Documents/mbed/rflpc/rflpc17xx/librflpc17xx.a(printf.o)
 .bss           0x100000d0        0x0 /home/graux/Documents/mbed/rflpc/rflpc17xx/librflpc17xx.a(pinconf.o)
 COMMON         0x100000d0     0x211c main.o
                0x100000d0                rx_status
                0x100000f8                rx_buffers
                0x10001f04                rx_descriptors
                0x10001f2c                ma_table
                0x100021ec                _bss_end = .

.data           0x100021ec       0x28 load address 0x000025d0
                0x100021ec                _data_start = .
 *(.data*)
 .data          0x100021ec        0x0 arp_table.o
 .data          0x100021ec        0x0 main.o
 .data          0x100021ec        0x0 ../rflpc/external_libs/nhd_spi_lcd/nhd_spi_lcd.o
 .data          0x100021ec        0x4 /home/graux/Documents/mbed/rflpc/rflpc17xx/librflpc17xx.a(clock.o)
 .data          0x100021f0        0x0 /home/graux/Documents/mbed/rflpc/rflpc17xx/librflpc17xx.a(init.o)
 .data          0x100021f0        0x0 /home/graux/Documents/mbed/rflpc/rflpc17xx/librflpc17xx.a(interrupt.o)
 .data          0x100021f0        0x0 /home/graux/Documents/mbed/rflpc/rflpc17xx/librflpc17xx.a(ethernet.o)
 .data          0x100021f0        0x0 /home/graux/Documents/mbed/rflpc/rflpc17xx/librflpc17xx.a(gpio.o)
 .data          0x100021f0        0x0 /home/graux/Documents/mbed/rflpc/rflpc17xx/librflpc17xx.a(spi.o)
 .data          0x100021f0       0x20 /home/graux/Documents/mbed/rflpc/rflpc17xx/librflpc17xx.a(uart.o)
 .data          0x10002210        0x0 /home/graux/Documents/mbed/rflpc/rflpc17xx/librflpc17xx.a(memcpy.o)
 .data          0x10002210        0x4 /home/graux/Documents/mbed/rflpc/rflpc17xx/librflpc17xx.a(printf.o)
 .data          0x10002214        0x0 /home/graux/Documents/mbed/rflpc/rflpc17xx/librflpc17xx.a(pinconf.o)
                0x10002214                _data_end = .

.igot.plt       0x10002214        0x0 load address 0x000025f8
 .igot.plt      0x00000000        0x0 arp_table.o

.stack          0x10002214      0x400 load address 0x000025f8
 *(.stack)
 .stack         0x10002214      0x400 /home/graux/Documents/mbed/rflpc/rflpc17xx/librflpc17xx.a(init.o)
                0x10002214                _stack

.out_ram
 *(.out_ram)
LOAD /home/graux/Documents/mbed/rflpc/rflpc17xx/librflpc17xx.a
OUTPUT(eth.elf elf32-littlearm)

.comment        0x00000000       0x70
 .comment       0x00000000       0x70 arp_table.o
                                 0x71 (size before relaxing)
 .comment       0x00000000       0x71 main.o
 .comment       0x00000000       0x71 ../rflpc/external_libs/nhd_spi_lcd/nhd_spi_lcd.o
 .comment       0x00000000       0x71 /home/graux/Documents/mbed/rflpc/rflpc17xx/librflpc17xx.a(clock.o)
 .comment       0x00000000       0x71 /home/graux/Documents/mbed/rflpc/rflpc17xx/librflpc17xx.a(init.o)
 .comment       0x00000000       0x71 /home/graux/Documents/mbed/rflpc/rflpc17xx/librflpc17xx.a(interrupt.o)
 .comment       0x00000000       0x71 /home/graux/Documents/mbed/rflpc/rflpc17xx/librflpc17xx.a(ethernet.o)
 .comment       0x00000000       0x71 /home/graux/Documents/mbed/rflpc/rflpc17xx/librflpc17xx.a(gpio.o)
 .comment       0x00000000       0x71 /home/graux/Documents/mbed/rflpc/rflpc17xx/librflpc17xx.a(spi.o)
 .comment       0x00000000       0x71 /home/graux/Documents/mbed/rflpc/rflpc17xx/librflpc17xx.a(uart.o)
 .comment       0x00000000       0x71 /home/graux/Documents/mbed/rflpc/rflpc17xx/librflpc17xx.a(memcpy.o)
 .comment       0x00000000       0x71 /home/graux/Documents/mbed/rflpc/rflpc17xx/librflpc17xx.a(printf.o)
 .comment       0x00000000       0x71 /home/graux/Documents/mbed/rflpc/rflpc17xx/librflpc17xx.a(pinconf.o)

.ARM.attributes
                0x00000000       0x33
 .ARM.attributes
                0x00000000       0x33 arp_table.o
 .ARM.attributes
                0x00000033       0x33 main.o
 .ARM.attributes
                0x00000066       0x33 ../rflpc/external_libs/nhd_spi_lcd/nhd_spi_lcd.o
 .ARM.attributes
                0x00000099       0x33 /home/graux/Documents/mbed/rflpc/rflpc17xx/librflpc17xx.a(clock.o)
 .ARM.attributes
                0x000000cc       0x33 /home/graux/Documents/mbed/rflpc/rflpc17xx/librflpc17xx.a(init.o)
 .ARM.attributes
                0x000000ff       0x33 /home/graux/Documents/mbed/rflpc/rflpc17xx/librflpc17xx.a(interrupt.o)
 .ARM.attributes
                0x00000132       0x33 /home/graux/Documents/mbed/rflpc/rflpc17xx/librflpc17xx.a(ethernet.o)
 .ARM.attributes
                0x00000165       0x33 /home/graux/Documents/mbed/rflpc/rflpc17xx/librflpc17xx.a(gpio.o)
 .ARM.attributes
                0x00000198       0x33 /home/graux/Documents/mbed/rflpc/rflpc17xx/librflpc17xx.a(spi.o)
 .ARM.attributes
                0x000001cb       0x33 /home/graux/Documents/mbed/rflpc/rflpc17xx/librflpc17xx.a(uart.o)
 .ARM.attributes
                0x000001fe       0x33 /home/graux/Documents/mbed/rflpc/rflpc17xx/librflpc17xx.a(memcpy.o)
 .ARM.attributes
                0x00000231       0x33 /home/graux/Documents/mbed/rflpc/rflpc17xx/librflpc17xx.a(printf.o)
 .ARM.attributes
                0x00000264       0x33 /home/graux/Documents/mbed/rflpc/rflpc17xx/librflpc17xx.a(pinconf.o)
